// Jest Snapshot v1, https://goo.gl/fbAQLP

exports[`TopStories Rendering renders according to design 1`] = `
<tr
  className="sc-bdVaJa fePDys"
>
  <td>
    <table
      className="sc-jTzLTM fHaWlQ"
    >
      <tbody
        className="sc-VigVT hjRoCW"
      >
        <tr
          className="sc-fjdhpX XPQYG sc-bdVaJa fePDys"
        />
        <tr
          className="sc-bdVaJa fePDys"
        >
          <td
            className="sc-gZMcBi iDzNSP"
            colSpan="2"
          />
          <td
            className="sc-gZMcBi iDzNSP"
          >
            <a
              className="sc-gqjmRU gKsMen sc-bwzfXH cQPqep"
              href="#"
              onClick={[Function]}
            >
              More
            </a>
          </td>
        </tr>
      </tbody>
    </table>
  </td>
</tr>
`;
